// Jest Snapshot v1, https://goo.gl/fbAQLP

exports[`Layer2Manager # initialize initialize can be executed by only owner 1`] = `203584`;

exports[`Layer2Manager # setDelayBlocksForWithdraw setDelayBlocksForWithdraw can be executed by only owner  1`] = `38355`;

exports[`Layer2Manager # setMaxLayer2Count setMaxLayer2Count can be executed by only owner  1`] = `38312`;

exports[`Layer2Manager # setMinimumDepositForCandidate setMinimumDepositForSequencer can be executed by only owner  1`] = `38422`;

exports[`Layer2Manager # setMinimumDepositForSequencer setMinimumDepositForSequencer can be executed by only owner  1`] = `38358`;

exports[`Layer2Manager # setRatioSecurityDepositOfTvl setRatioSecurityDepositOfTvl can be executed by only owner  1`] = `38561`;
