// Jest Snapshot v1, https://goo.gl/fbAQLP

exports[`OptimismSequencer # initialize initialize can be executed by only owner 1`] = `141901`;
