// Jest Snapshot v1, https://goo.gl/fbAQLP

exports[`Candidate # initialize initialize can be executed by only owner 1`] = `141879`;
